yuu: "Wah!" <> " Nanami-senpai!"
touko: "Yuu!"
touko+ "Oh," <> " thank you for finding those for us!"
yuu: "No" <> " problem. Umm..."
yuu+ "Why" <> " are you coming in?"
touko: "Hmm?"